// Jest Snapshot v1, https://goo.gl/fbAQLP

exports[`<App /> should render and match the snapshot 1`] = `
<BrowserRouter>
  <Unknown
    theme={
      Object {
        "black": "rgba(0, 0, 0, 1)",
        "grey": "rgba(48, 48, 49, 1)",
        "montserrat": "Montserrat",
      }
    }
  >
    <NavBar />
    <Switch>
      <PublicRoute
        component={[Function]}
        exact={true}
        path="/"
      />
      <PrivateRoute
        component={[Function]}
        exact={true}
        path="/test"
      />
      <Route
        component={[Function]}
      />
    </Switch>
    <Memo(l) />
  </Unknown>
</BrowserRouter>
`;
