// Jest Snapshot v1, https://goo.gl/fbAQLP

exports[`<PublicRoute  /> Logged in user with admin roles should move to admin 1`] = `null`;

exports[`<PublicRoute  /> Logged in user with consuer roles should move to consumer home 1`] = `null`;

exports[`<PublicRoute  /> No logged in user should stay at the home page 1`] = `
<div>
   Test 
</div>
`;
